[21:43:43Z] gate start; waiting for GPU 1 free 10min straight, not before 01:10 CEST
[21:43:43Z] GPU1 used=25095MiB util=91% free=0 streak=0/10 ready=false
[21:44:43Z] GPU1 used=25095MiB util=93% free=0 streak=0/10 ready=false
[21:45:43Z] GPU1 used=25095MiB util=88% free=0 streak=0/10 ready=false
[21:47:17Z] gate start; waiting for GPU 1 free 10min straight, not before 01:10 CEST
[21:47:17Z] GPU1 used=25095MiB util=91% free=0 streak=0/10 ready=false
[21:48:17Z] GPU1 used=25095MiB util=91% free=0 streak=0/10 ready=false
[21:49:17Z] GPU1 used=25095MiB util=89% free=0 streak=0/10 ready=false
[21:50:17Z] GPU1 used=25095MiB util=91% free=0 streak=0/10 ready=false
[21:51:17Z] GPU1 used=25095MiB util=93% free=0 streak=0/10 ready=false
[21:52:17Z] GPU1 used=25095MiB util=90% free=0 streak=0/10 ready=false
[21:53:18Z] GPU1 used=25095MiB util=90% free=0 streak=0/10 ready=false
[21:54:18Z] GPU1 used=25095MiB util=90% free=0 streak=0/10 ready=false
[21:55:18Z] GPU1 used=25095MiB util=94% free=0 streak=0/10 ready=false
[21:56:18Z] GPU1 used=25095MiB util=90% free=0 streak=0/10 ready=false
[21:57:18Z] GPU1 used=25095MiB util=91% free=0 streak=0/10 ready=false
[21:58:18Z] GPU1 used=25095MiB util=93% free=0 streak=0/10 ready=false
[21:59:18Z] GPU1 used=25095MiB util=96% free=0 streak=0/10 ready=false
[22:00:18Z] GPU1 used=25095MiB util=90% free=0 streak=0/10 ready=false
[22:01:19Z] GPU1 used=25095MiB util=91% free=0 streak=0/10 ready=false
[22:02:19Z] GPU1 used=25095MiB util=91% free=0 streak=0/10 ready=false
[22:03:19Z] GPU1 used=25095MiB util=92% free=0 streak=0/10 ready=false
[22:04:19Z] GPU1 used=25095MiB util=90% free=0 streak=0/10 ready=false
[22:05:19Z] GPU1 used=25095MiB util=95% free=0 streak=0/10 ready=false
[22:06:19Z] GPU1 used=25095MiB util=96% free=0 streak=0/10 ready=false
[22:07:19Z] GPU1 used=25095MiB util=93% free=0 streak=0/10 ready=false
[22:08:19Z] GPU1 used=25095MiB util=89% free=0 streak=0/10 ready=false
[22:09:19Z] GPU1 used=25095MiB util=93% free=0 streak=0/10 ready=false
[22:10:20Z] GPU1 used=25095MiB util=92% free=0 streak=0/10 ready=false
[22:11:20Z] GPU1 used=25095MiB util=89% free=0 streak=0/10 ready=false
[22:12:20Z] GPU1 used=25095MiB util=91% free=0 streak=0/10 ready=false
[22:13:20Z] GPU1 used=25095MiB util=93% free=0 streak=0/10 ready=false
[22:14:20Z] GPU1 used=25095MiB util=91% free=0 streak=0/10 ready=false
[22:15:20Z] GPU1 used=25095MiB util=91% free=0 streak=0/10 ready=false
[22:16:20Z] GPU1 used=25095MiB util=89% free=0 streak=0/10 ready=false
[22:17:20Z] GPU1 used=25095MiB util=93% free=0 streak=0/10 ready=false
[22:18:21Z] GPU1 used=25095MiB util=90% free=0 streak=0/10 ready=false
[22:19:21Z] GPU1 used=25095MiB util=96% free=0 streak=0/10 ready=false
[22:20:21Z] GPU1 used=25095MiB util=94% free=0 streak=0/10 ready=false
[22:21:21Z] GPU1 used=25095MiB util=96% free=0 streak=0/10 ready=false
[22:22:21Z] GPU1 used=25095MiB util=89% free=0 streak=0/10 ready=false
[22:23:21Z] GPU1 used=25095MiB util=94% free=0 streak=0/10 ready=false
[22:24:21Z] GPU1 used=25095MiB util=93% free=0 streak=0/10 ready=false
[22:25:21Z] GPU1 used=25095MiB util=90% free=0 streak=0/10 ready=false
[22:26:22Z] GPU1 used=25095MiB util=87% free=0 streak=0/10 ready=false
[22:27:22Z] GPU1 used=25095MiB util=94% free=0 streak=0/10 ready=false
[22:28:22Z] GPU1 used=25095MiB util=91% free=0 streak=0/10 ready=false
[22:29:22Z] GPU1 used=25095MiB util=91% free=0 streak=0/10 ready=false
[22:30:22Z] GPU1 used=25095MiB util=91% free=0 streak=0/10 ready=false
[22:31:22Z] GPU1 used=25095MiB util=87% free=0 streak=0/10 ready=false
[22:32:22Z] GPU1 used=25095MiB util=96% free=0 streak=0/10 ready=false
[22:33:22Z] GPU1 used=25095MiB util=96% free=0 streak=0/10 ready=false
[22:34:23Z] GPU1 used=25095MiB util=95% free=0 streak=0/10 ready=false
[22:35:23Z] GPU1 used=25095MiB util=93% free=0 streak=0/10 ready=false
[22:36:23Z] GPU1 used=25095MiB util=94% free=0 streak=0/10 ready=false
[22:37:23Z] GPU1 used=25095MiB util=93% free=0 streak=0/10 ready=false
[22:38:23Z] GPU1 used=25095MiB util=91% free=0 streak=0/10 ready=false
[22:39:23Z] GPU1 used=25095MiB util=87% free=0 streak=0/10 ready=false
[22:40:23Z] GPU1 used=25095MiB util=91% free=0 streak=0/10 ready=false
[22:41:23Z] GPU1 used=25095MiB util=90% free=0 streak=0/10 ready=false
[22:42:24Z] GPU1 used=25095MiB util=93% free=0 streak=0/10 ready=false
[22:43:24Z] GPU1 used=25095MiB util=91% free=0 streak=0/10 ready=false
[22:44:24Z] GPU1 used=25095MiB util=72% free=0 streak=0/10 ready=false
[22:45:24Z] GPU1 used=0MiB util=0% free=0 streak=0/10 ready=false
[22:46:24Z] GPU1 used=0MiB util=0% free=0 streak=0/10 ready=false
[22:47:24Z] GPU1 used=0MiB util=0% free=0 streak=0/10 ready=false
[22:48:24Z] GPU1 used=0MiB util=0% free=0 streak=0/10 ready=false
[22:49:24Z] GPU1 used=0MiB util=0% free=0 streak=0/10 ready=false
[22:50:25Z] GPU1 used=0MiB util=0% free=0 streak=0/10 ready=false
[22:51:25Z] GPU1 used=0MiB util=0% free=0 streak=0/10 ready=false
[22:52:25Z] GPU1 used=0MiB util=0% free=0 streak=0/10 ready=false
[22:53:25Z] GPU1 used=0MiB util=0% free=0 streak=0/10 ready=false
[22:54:25Z] GPU1 used=0MiB util=0% free=0 streak=0/10 ready=false
[22:55:25Z] GPU1 used=0MiB util=0% free=0 streak=0/10 ready=false
[22:56:25Z] GPU1 used=0MiB util=0% free=0 streak=0/10 ready=false
[22:57:25Z] GPU1 used=0MiB util=0% free=0 streak=0/10 ready=false
[22:58:26Z] GPU1 used=0MiB util=0% free=0 streak=0/10 ready=false
[22:59:26Z] GPU1 used=0MiB util=0% free=0 streak=0/10 ready=false
[23:00:26Z] GPU1 used=0MiB util=0% free=0 streak=0/10 ready=false
[23:01:26Z] GPU1 used=0MiB util=0% free=0 streak=0/10 ready=false
[23:02:26Z] GPU1 used=0MiB util=0% free=0 streak=0/10 ready=false
[23:03:26Z] GPU1 used=0MiB util=0% free=0 streak=0/10 ready=false
[23:04:26Z] GPU1 used=0MiB util=0% free=0 streak=0/10 ready=false
[23:05:26Z] GPU1 used=0MiB util=0% free=0 streak=0/10 ready=false
[23:06:27Z] GPU1 used=0MiB util=0% free=0 streak=0/10 ready=false
[23:07:27Z] GPU1 used=0MiB util=0% free=0 streak=0/10 ready=false
[23:08:27Z] GPU1 used=0MiB util=0% free=0 streak=0/10 ready=false
[23:09:27Z] GPU1 used=0MiB util=0% free=0 streak=0/10 ready=false
[23:10:27Z] GPU1 used=0MiB util=0% free=1 streak=1/10 ready=false
[23:11:27Z] GPU1 used=0MiB util=0% free=1 streak=2/10 ready=false
[23:12:27Z] GPU1 used=0MiB util=0% free=1 streak=3/10 ready=false
[23:13:27Z] GPU1 used=0MiB util=0% free=1 streak=4/10 ready=false
[23:14:28Z] GPU1 used=0MiB util=0% free=1 streak=5/10 ready=false
[23:15:28Z] GPU1 used=0MiB util=0% free=1 streak=6/10 ready=false
[23:16:28Z] GPU1 used=0MiB util=0% free=1 streak=7/10 ready=false
[23:17:28Z] GPU1 used=0MiB util=0% free=1 streak=8/10 ready=false
[23:18:28Z] GPU1 used=0MiB util=0% free=1 streak=9/10 ready=false
[23:19:28Z] GPU1 used=0MiB util=0% free=1 streak=10/10 ready=true
[23:19:28Z] GPU1 free 10min straight → launching campaign on GPU 1
[23:19:28Z] campaign launched PID 842082
[23:47:58Z] gate start; waiting for GPU 1 free 10min straight, not before 01:10 CEST
[23:47:58Z] GPU1 used=0MiB util=0% free=1 streak=1/10 ready=false
[23:48:58Z] GPU1 used=0MiB util=0% free=1 streak=2/10 ready=false
[23:49:58Z] GPU1 used=0MiB util=0% free=1 streak=3/10 ready=false
[23:50:58Z] GPU1 used=0MiB util=0% free=1 streak=4/10 ready=false
[23:51:59Z] GPU1 used=0MiB util=0% free=1 streak=5/10 ready=false
[23:52:59Z] GPU1 used=0MiB util=0% free=1 streak=6/10 ready=false
[23:53:59Z] GPU1 used=0MiB util=0% free=1 streak=7/10 ready=false
[23:54:59Z] GPU1 used=0MiB util=0% free=1 streak=8/10 ready=false
[23:55:59Z] GPU1 used=0MiB util=0% free=1 streak=9/10 ready=false
[23:56:59Z] GPU1 used=0MiB util=0% free=1 streak=10/10 ready=true
[23:56:59Z] GPU1 free 10min straight → launching campaign on GPU 1
[23:56:59Z] campaign launched PID 886721
